// Vitest Snapshot v1, https://vitest.dev/guide/snapshot.html

exports[`Tool Calling > should handle streaming with tool calls 1`] = `
[
  {
    "textDelta": "Let me check the weather for you.",
    "type": "text-delta",
  },
  {
    "finishReason": "stop",
    "type": "finish",
    "usage": {
      "completionTokens": 9,
      "promptTokens": 2,
    },
  },
  {
    "argsTextDelta": "{"location": "San Francisco, CA"}",
    "toolCallId": "call_123",
    "toolCallType": "function",
    "toolName": "get_weather",
    "type": "tool-call-delta",
  },
  {
    "args": {
      "location": "San Francisco, CA",
    },
    "toolCallId": "call_123",
    "toolCallType": "function",
    "toolName": "get_weather",
    "type": "tool-call",
  },
  {
    "finishReason": "tool-calls",
    "type": "finish",
    "usage": {
      "completionTokens": 9,
      "promptTokens": 2,
    },
  },
]
`;

exports[`doStream > should stream text deltas 1`] = `[]`;
